// Jest Snapshot v1, https://goo.gl/fbAQLP

exports[`Snapshot del app 1`] = `
<div
  role="app"
>
  <nav
    class="navbar navbar-dark bg-primary"
  >
    <div
      class="container-fluid"
    >
      <span
        class="navbar-brand"
        href="#"
      >
        Galery App
      </span>
    </div>
  </nav>
  <div
    aria-label="container"
    class="container border my-2"
  >
    <div
      class="my-2"
    >
      <div>
        <form>
          <label
            class="w-100"
            style="font-size: 20px;"
          >
            Search: 
            <input
              class="me-3"
              name="inputText"
              type="text"
            />
            <button
              class="btn btn-warning"
              style="height: 31px;"
              type="submit"
            >
              <ion-icon
                name="search"
              />
            </button>
          </label>
        </form>
      </div>
      <div
        class="alert alert-danger"
        role="alert"
        style="margin-top: 150px; margin-bottom: 150px;"
      >
        No images found!!!
      </div>
      <div
        class="d-flex align-items-center"
      >
        <strong>
          Loading...
        </strong>
        <div
          aria-hidden="true"
          class="spinner-border ms-auto"
          role="status"
        />
      </div>
      <div
        aria-label="imagenes"
        class="row my-2"
      />
    </div>
  </div>
  <nav
    class="navbar navbar-dark bg-primary"
    style="margin-top: 21.5vh;"
  >
    <span
      class="text-center mx-auto"
    >
      Sebastian Ariel Allende - Â© 
      2021
    </span>
  </nav>
</div>
`;
